0	1	(abanoz[NN]	a
1	2	<eps>	b
2	3	<eps>	a
3	4	<eps>	n
4	5	<eps>	o
5	6	<eps>	z
6	7	<eps>	<eps>
0	8	(âhît[NN]	â
8	9	<eps>	h
9	10	<eps>	î
10	11	<eps>	?
11	12	<eps>	t
12	13	<eps>	~
13	7	<eps>	<eps>
0	14	(ördekbaşı[NN]	ö
14	15	<eps>	r
15	16	<eps>	d
16	17	<eps>	e
17	18	<eps>	k
18	19	<eps>	b
19	20	<eps>	a
20	21	<eps>	ş
21	7	<eps>	<eps>
0	22	(kızıl[JJ]	k
22	23	<eps>	ı
23	24	<eps>	z
24	25	<eps>	ı
25	26	<eps>	l
26	27	<eps>	<eps>
0	28	(kopkoyu[JJ]	k
28	29	+[Emphasis=True]	o
29	30	<eps>	p
30	31	<eps>	k
31	32	<eps>	o
32	33	<eps>	y
33	34	<eps>	u
34	27	<eps>	<eps>
0	35	(art[IN]	a
35	36	+[ComplementType=CGen]	r
36	37	<eps>	t
37	38	<eps>	<eps>
0	39	(ahit[NN]	a
39	40	<eps>	h
40	41	<eps>	i
41	42	<eps>	?
42	43	<eps>	t
43	44	<eps>	~
44	7	<eps>	<eps>
0	45	(abanoz[NOMP]	a
45	46	<eps>	b
46	47	<eps>	a
47	48	<eps>	n
48	49	<eps>	o
49	50	<eps>	z
50	51	<eps>	<eps>
0	52	(âhît[NOMP]	â
52	53	<eps>	h
53	54	<eps>	î
54	55	<eps>	?
55	56	<eps>	t
56	57	<eps>	~
57	51	<eps>	<eps>
0	58	(ördekbaşı[NOMP]	ö
58	59	<eps>	r
59	60	<eps>	d
60	61	<eps>	e
61	62	<eps>	k
62	63	<eps>	b
63	64	<eps>	a
64	65	<eps>	ş
65	51	<eps>	<eps>
0	66	(kızıl[NN]	k
66	67	<eps>	ı
67	68	<eps>	z
68	69	<eps>	ı
69	70	<eps>	l
70	7	<eps>	<eps>
0	71	(kızıl[NOMP]	k
71	72	<eps>	ı
72	73	<eps>	z
73	74	<eps>	ı
74	75	<eps>	l
75	51	<eps>	<eps>
0	76	(kızıl[PRI]	k
76	77	<eps>	ı
77	78	<eps>	z
78	79	<eps>	ı
79	80	<eps>	l
80	81	<eps>	<eps>
0	82	(kızıl[RB]	k
82	83	<eps>	ı
83	84	<eps>	z
84	85	<eps>	ı
85	86	<eps>	l
86	87	<eps>	<eps>
0	88	(kopkoyu[NN]	k
88	89	<eps>	o
89	90	<eps>	p
90	91	<eps>	k
91	92	<eps>	o
92	93	<eps>	y
93	94	<eps>	u
94	7	<eps>	<eps>
0	95	(kopkoyu[NOMP]	k
95	96	<eps>	o
96	97	<eps>	p
97	98	<eps>	k
98	99	<eps>	o
99	100	<eps>	y
100	101	<eps>	u
101	51	<eps>	<eps>
0	102	(kopkoyu[PRI]	k
102	103	<eps>	o
103	104	<eps>	p
104	105	<eps>	k
105	106	<eps>	o
106	107	<eps>	y
107	108	<eps>	u
108	81	<eps>	<eps>
0	109	(kopkoyu[RB]	k
109	110	<eps>	o
110	111	<eps>	p
111	112	<eps>	k
112	113	<eps>	o
113	114	<eps>	y
114	115	<eps>	u
115	87	<eps>	<eps>
0	116	(art[NN]	a
116	117	<eps>	r
117	118	<eps>	t
118	7	<eps>	<eps>
0	119	(art[NOMP]	a
119	120	<eps>	r
120	121	<eps>	t
121	51	<eps>	<eps>
0	122	(ahit[NOMP]	a
122	123	<eps>	h
123	124	<eps>	i
124	125	<eps>	?
125	126	<eps>	t
126	127	<eps>	~
127	51	<eps>	<eps>
0	128	(falan[RPC]	f
128	129	<eps>	a
129	130	<eps>	l
130	131	<eps>	a
131	132	<eps>	n
132	133	<eps>	<eps>
0	134	(Müşerref[NNP]	m
134	135	<eps>	ü
135	136	<eps>	ş
136	137	<eps>	e
137	138	<eps>	r
138	139	<eps>	r
139	140	<eps>	e
140	141	<eps>	f
141	142	<eps>	<eps>
0	143	("[']	"
143	144	<eps>	<eps>
0	145	(onar[NN]	o
145	146	<eps>	n
146	147	<eps>	a
147	148	<eps>	r
148	7	<eps>	<eps>
0	149	(onar[NOMP]	o
149	150	<eps>	n
150	151	<eps>	a
151	152	<eps>	r
152	153	<eps>	<eps>
0	154	(müşerref[NOMP]	m
154	155	<eps>	ü
155	156	<eps>	ş
156	157	<eps>	e
157	158	<eps>	r
158	159	<eps>	r
159	160	<eps>	e
160	161	<eps>	f
161	153	<eps>	<eps>
27	162	<eps>	<eps>
162	163	<eps>	<eps>
38	164	<eps>	<eps>
164	165	<eps>	<eps>
166	167	<eps>	<eps>
167	163	<eps>	<eps>
165	168	<eps>	<eps>
168	169	<eps>	<eps>
170	171	+DA[Case=Loc]	+
171	172	<eps>	D
172	173	<eps>	A
173	174	<eps>	<eps>
175	176	+HmHz[Possessive=P1pl]	+
176	177	<eps>	H
177	178	<eps>	m
178	179	<eps>	H
179	180	<eps>	z
180	181	<eps>	<eps>
181	182	1[CD]	1
182	183	<eps>	*
183	184	<eps>	i
184	185	<eps>	r
185	186	<eps>	*
186	187	<eps>	<eps>
169	188	)([JJ]	+
188	189	-cHk[Derivation=Dim]	c
189	190	<eps>	H
190	191	<eps>	k
191	192	<eps>	<eps>
193	194	)+[Proper=True]	<eps>
194	195	<eps>	<eps>
7	196	<eps>	<eps>
196	163	<eps>	<eps>
51	197	<eps>	<eps>
197	165	<eps>	<eps>
153	198	<eps>	<eps>
198	165	<eps>	<eps>
81	199	<eps>	<eps>
199	163	<eps>	<eps>
192	200	<eps>	<eps>
200	165	<eps>	<eps>
163	201	7[NN]	<eps>
201	202	+'[Apostrophe=True]	<eps>
202	187	<eps>	<eps>
203	204	+[Case=Bare]	<eps>
204	170	<eps>	<eps>
174	205	<eps>	<eps>
205	169	<eps>	<eps>
187	206	)([PRI]	+
206	207	-ki[Derivation=Rel]	k
207	208	+[PersonNumber=A1sg]	i
208	166	<eps>	<eps>
195
