("[']	983040
(Müşerref[NNP]	983041
(abanoz[NN]	983042
(abanoz[NOMP]	983043
(ahit[NN]	983044
(ahit[NOMP]	983045
(art[IN]	983046
(art[NN]	983047
(art[NOMP]	983048
(falan[RPC]	983049
(kopkoyu[JJ]	983050
(kopkoyu[NN]	983051
(kopkoyu[NOMP]	983052
(kopkoyu[PRI]	983053
(kopkoyu[RB]	983054
(kızıl[JJ]	983055
(kızıl[NN]	983056
(kızıl[NOMP]	983057
(kızıl[PRI]	983058
(kızıl[RB]	983059
(müşerref[NOMP]	983060
(onar[NN]	983061
(onar[NOMP]	983062
(âhît[NN]	983063
(âhît[NOMP]	983064
(ördekbaşı[NN]	983065
(ördekbaşı[NOMP]	983066
)([JJ]	983067
)([PRI]	983068
)+[Proper=True]	983069
+'[Apostrophe=True]	983070
+DA[Case=Loc]	983071
+HmHz[Possessive=P1pl]	983072
+[Case=Bare]	983073
+[ComplementType=CGen]	983074
+[Emphasis=True]	983075
+[PersonNumber=A1sg]	983076
-cHk[Derivation=Dim]	983077
-ki[Derivation=Rel]	983078
1[CD]	983079
7[NN]	983080
